src/app/page.tsx(40,19): error TS2353: Object literal may only specify known properties, and 'category' does not exist in type 'Product'.
